PS C:\Users\chrog_i4sgxvo\OneDrive\Desktop\lesson> mkdir git_challenge


    Directory: C:\Users\chrog_i4sgxvo\OneDrive\Desktop\lesson


Mode                 LastWriteTime         Length Name
----                 -------------         ------ ----
d-----        2025/02/17      8:53                git_challenge


PS C:\Users\chrog_i4sgxvo\OneDrive\Desktop\lesson> cd git_challenge
PS C:\Users\chrog_i4sgxvo\OneDrive\Desktop\lesson\git_challenge> git init
Initialized empty Git repository in C:/Users/chrog_i4sgxvo/OneDrive/Desktop/lesson/git_challenge/.git/
PS C:\Users\chrog_i4sgxvo\OneDrive\Desktop\lesson\git_challenge> git add hello_world.txt
PS C:\Users\chrog_i4sgxvo\OneDrive\Desktop\lesson\git_challenge> echo "Hello,World！" >> hello_world.txt
PS C:\Users\chrog_i4sgxvo\OneDrive\Desktop\lesson\git_challenge> git add hello_world.txt
PS C:\Users\chrog_i4sgxvo\OneDrive\Desktop\lesson\git_challenge> git commit -m "Add 'Hello, world!' to hello_world.txt"
[main (root-commit) de3d359] Add 'Hello, world!' to hello_world.txt
 1 file changed, 0 insertions(+), 0 deletions(-)
 create mode 100644 hello_world.txt
PS C:\Users\chrog_i4sgxvo\OneDrive\Desktop\lesson\git_challenge> echo "こんにちは、世界！" >> hello_world.txt
>>
PS C:\Users\chrog_i4sgxvo\OneDrive\Desktop\lesson\git_challenge> git add hello_world.txt
PS C:\Users\chrog_i4sgxvo\OneDrive\Desktop\lesson\git_challenge> git commit -m "Add 'こんにちは、世界！' to hello_world.txt"
[main e04b395] Add 'こんにちは、世界！' to hello_world.txt
 1 file changed, 0 insertions(+), 0 deletions(-)
PS C:\Users\chrog_i4sgxvo\OneDrive\Desktop\lesson\git_challenge> git log --oneline
e04b395 (HEAD -> main) Add 'こんにちは、世界！' to hello_world.txt
de3d359 Add 'Hello, world!' to hello_world.txt
PS C:\Users\chrog_i4sgxvo\OneDrive\Desktop\lesson\git_challenge> cd C:\Users\chrog_i4sgxvo\OneDrive\Desktop\lesson 
PS C:\Users\chrog_i4sgxvo\OneDrive\Desktop\lesson> mkdir kadai_005
   
   
    Directory: C:\Users\chrog_i4sgxvo\OneDrive\Desktop\lesson


Mode                 LastWriteTime         Length Name
----                 -------------         ------ ----
d-----        2025/02/17      8:59                kadai_005


PS C:\Users\chrog_i4sgxvo\OneDrive\Desktop\lesson> cd kadai_005
PS C:\Users\chrog_i4sgxvo\OneDrive\Desktop\lesson\kadai_005> git init
Initialized empty Git repository in C:/Users/chrog_i4sgxvo/OneDrive/Desktop/lesson/kadai_005/.git/
PS C:\Users\chrog_i4sgxvo\OneDrive\Desktop\lesson\kadai_005> git add kadai_005.txt
fatal: pathspec 'kadai_005.txt' did not match any files
PS C:\Users\chrog_i4sgxvo\OneDrive\Desktop\lesson\kadai_005> git add kadai_005.txt
PS C:\Users\chrog_i4sgxvo\OneDrive\Desktop\lesson\kadai_005> 