PS C:\Users\chrog_i4sgxvo\OneDrive\Desktop\lesson> mkdir git_challenge


    Directory: C:\Users\chrog_i4sgxvo\OneDrive\Desktop\lesson


Mode                 LastWriteTime         Length Name
----                 -------------         ------ ----
d-----        2025/02/17      7:55                git_challenge


PS C:\Users\chrog_i4sgxvo\OneDrive\Desktop\lesson> cd git_challenge
PS C:\Users\chrog_i4sgxvo\OneDrive\Desktop\lesson\git_challenge> git init
Initialized empty Git repository in C:/Users/chrog_i4sgxvo/OneDrive/Desktop/lesson/git_challenge/.git/
PS C:\Users\chrog_i4sgxvo\OneDrive\Desktop\lesson\git_challenge> git add hello_world.txt
PS C:\Users\chrog_i4sgxvo\OneDrive\Desktop\lesson\git_challenge> git commit -m "Add hello_world.txt"
[main (root-commit) 44b63b1] Add hello_world.txt
 1 file changed, 1 insertion(+)
 create mode 100644 hello_world.txt
PS C:\Users\chrog_i4sgxvo\OneDrive\Desktop\lesson\git_challenge> git add hello_world.txt
PS C:\Users\chrog_i4sgxvo\OneDrive\Desktop\lesson\git_challenge> git commit -m "Add another line to hello_world.txt"
[main b6325c2] Add another line to hello_world.txt
 1 file changed, 2 insertions(+), 1 deletion(-)
PS C:\Users\chrog_i4sgxvo\OneDrive\Desktop\lesson\git_challenge> git log --oneline
b6325c2 (HEAD -> main) Add another line to hello_world.txt
44b63b1 Add hello_world.txt
PS C:\Users\chrog_i4sgxvo\OneDrive\Desktop\lesson\git_challenge> cd C:\Users\chrog_i4sgxvo\OneDrive\Desktop\lesson  
PS C:\Users\chrog_i4sgxvo\OneDrive\Desktop\lesson> mkdir kadai_005


    Directory: C:\Users\chrog_i4sgxvo\OneDrive\Desktop\lesson


Mode                 LastWriteTime         Length Name
----                 -------------         ------ ----
d-----        2025/02/17      8:14                kadai_005


PS C:\Users\chrog_i4sgxvo\OneDrive\Desktop\lesson> cd kadai_005
PS C:\Users\chrog_i4sgxvo\OneDrive\Desktop\lesson\kadai_005> git init
Initialized empty Git repository in C:/Users/chrog_i4sgxvo/OneDrive/Desktop/lesson/kadai_005/.git/
PS C:\Users\chrog_i4sgxvo\OneDrive\Desktop\lesson\kadai_005> git add kadai_005.txt
PS C:\Users\chrog_i4sgxvo\OneDrive\Desktop\lesson\kadai_005> cd C:\Users\chrog_i4sgxvo\OneDrive\Desktop\lesson\git_challenge
PS C:\Users\chrog_i4sgxvo\OneDrive\Desktop\lesson\git_challenge> echo "Hello, world!" > hello_world.txt
PS C:\Users\chrog_i4sgxvo\OneDrive\Desktop\lesson\git_challenge> git add hello_world.txt
PS C:\Users\chrog_i4sgxvo\OneDrive\Desktop\lesson\git_challenge> git commit -m "Add 'Hello, world!' to hello_world.txt"
[main f18d2d9] Add 'Hello, world!' to hello_world.txt
 1 file changed, 0 insertions(+), 0 deletions(-)
PS C:\Users\chrog_i4sgxvo\OneDrive\Desktop\lesson\git_challenge> echo "こんにちは、世界！" >> hello_world.txt
PS C:\Users\chrog_i4sgxvo\OneDrive\Desktop\lesson\git_challenge> git add hello_world.txt
PS C:\Users\chrog_i4sgxvo\OneDrive\Desktop\lesson\git_challenge> git commit -m "Add 'こんにちは、世界！' to hello_world.txt"
[main 87d1f80] Add 'こんにちは、世界！' to hello_world.txt
 1 file changed, 0 insertions(+), 0 deletions(-)
PS C:\Users\chrog_i4sgxvo\OneDrive\Desktop\lesson\git_challenge> 